Archive member included to satisfy reference by file (symbol)

/gcc-arm-11.2-2022.02-x86_64-arm-none-eabi/bin/../lib/gcc/arm-none-eabi/11.2.1/../../../../arm-none-eabi/lib/thumb/v7e-m+fp/hard/libc_nano.a(lib_a-errno.o)
                              build/obj/syscall.o (__errno)
/gcc-arm-11.2-2022.02-x86_64-arm-none-eabi/bin/../lib/gcc/arm-none-eabi/11.2.1/../../../../arm-none-eabi/lib/thumb/v7e-m+fp/hard/libc_nano.a(lib_a-exit.o)
                              /gcc-arm-11.2-2022.02-x86_64-arm-none-eabi/bin/../lib/gcc/arm-none-eabi/11.2.1/../../../../arm-none-eabi/lib/thumb/v7e-m+fp/hard/crt0.o (exit)
/gcc-arm-11.2-2022.02-x86_64-arm-none-eabi/bin/../lib/gcc/arm-none-eabi/11.2.1/../../../../arm-none-eabi/lib/thumb/v7e-m+fp/hard/libc_nano.a(lib_a-impure.o)
                              /gcc-arm-11.2-2022.02-x86_64-arm-none-eabi/bin/../lib/gcc/arm-none-eabi/11.2.1/../../../../arm-none-eabi/lib/thumb/v7e-m+fp/hard/libc_nano.a(lib_a-exit.o) (_global_impure_ptr)
/gcc-arm-11.2-2022.02-x86_64-arm-none-eabi/bin/../lib/gcc/arm-none-eabi/11.2.1/../../../../arm-none-eabi/lib/thumb/v7e-m+fp/hard/libc_nano.a(lib_a-init.o)
                              /gcc-arm-11.2-2022.02-x86_64-arm-none-eabi/bin/../lib/gcc/arm-none-eabi/11.2.1/../../../../arm-none-eabi/lib/thumb/v7e-m+fp/hard/crt0.o (__libc_init_array)
/gcc-arm-11.2-2022.02-x86_64-arm-none-eabi/bin/../lib/gcc/arm-none-eabi/11.2.1/../../../../arm-none-eabi/lib/thumb/v7e-m+fp/hard/libc_nano.a(lib_a-memset.o)
                              /gcc-arm-11.2-2022.02-x86_64-arm-none-eabi/bin/../lib/gcc/arm-none-eabi/11.2.1/../../../../arm-none-eabi/lib/thumb/v7e-m+fp/hard/crt0.o (memset)

Discarded input sections

 .text          0x0000000000000000        0x0 /gcc-arm-11.2-2022.02-x86_64-arm-none-eabi/bin/../lib/gcc/arm-none-eabi/11.2.1/thumb/v7e-m+fp/hard/crti.o
 .data          0x0000000000000000        0x0 /gcc-arm-11.2-2022.02-x86_64-arm-none-eabi/bin/../lib/gcc/arm-none-eabi/11.2.1/thumb/v7e-m+fp/hard/crti.o
 .bss           0x0000000000000000        0x0 /gcc-arm-11.2-2022.02-x86_64-arm-none-eabi/bin/../lib/gcc/arm-none-eabi/11.2.1/thumb/v7e-m+fp/hard/crti.o
 .text          0x0000000000000000        0x0 /gcc-arm-11.2-2022.02-x86_64-arm-none-eabi/bin/../lib/gcc/arm-none-eabi/11.2.1/thumb/v7e-m+fp/hard/crtbegin.o
 .data          0x0000000000000000        0x0 /gcc-arm-11.2-2022.02-x86_64-arm-none-eabi/bin/../lib/gcc/arm-none-eabi/11.2.1/thumb/v7e-m+fp/hard/crtbegin.o
 .bss           0x0000000000000000        0x0 /gcc-arm-11.2-2022.02-x86_64-arm-none-eabi/bin/../lib/gcc/arm-none-eabi/11.2.1/thumb/v7e-m+fp/hard/crtbegin.o
 .rodata.all_implied_fbits
                0x0000000000000000       0x24 /gcc-arm-11.2-2022.02-x86_64-arm-none-eabi/bin/../lib/gcc/arm-none-eabi/11.2.1/thumb/v7e-m+fp/hard/crtbegin.o
 .data.__dso_handle
                0x0000000000000000        0x4 /gcc-arm-11.2-2022.02-x86_64-arm-none-eabi/bin/../lib/gcc/arm-none-eabi/11.2.1/thumb/v7e-m+fp/hard/crtbegin.o
 .text          0x0000000000000000       0x7c /gcc-arm-11.2-2022.02-x86_64-arm-none-eabi/bin/../lib/gcc/arm-none-eabi/11.2.1/../../../../arm-none-eabi/lib/thumb/v7e-m+fp/hard/crt0.o
 .data          0x0000000000000000        0x0 /gcc-arm-11.2-2022.02-x86_64-arm-none-eabi/bin/../lib/gcc/arm-none-eabi/11.2.1/../../../../arm-none-eabi/lib/thumb/v7e-m+fp/hard/crt0.o
 .bss           0x0000000000000000        0x0 /gcc-arm-11.2-2022.02-x86_64-arm-none-eabi/bin/../lib/gcc/arm-none-eabi/11.2.1/../../../../arm-none-eabi/lib/thumb/v7e-m+fp/hard/crt0.o
 .ARM.extab     0x0000000000000000        0x0 /gcc-arm-11.2-2022.02-x86_64-arm-none-eabi/bin/../lib/gcc/arm-none-eabi/11.2.1/../../../../arm-none-eabi/lib/thumb/v7e-m+fp/hard/crt0.o
 .ARM.exidx     0x0000000000000000       0x10 /gcc-arm-11.2-2022.02-x86_64-arm-none-eabi/bin/../lib/gcc/arm-none-eabi/11.2.1/../../../../arm-none-eabi/lib/thumb/v7e-m+fp/hard/crt0.o
 .debug_line    0x0000000000000000       0x76 /gcc-arm-11.2-2022.02-x86_64-arm-none-eabi/bin/../lib/gcc/arm-none-eabi/11.2.1/../../../../arm-none-eabi/lib/thumb/v7e-m+fp/hard/crt0.o
 .debug_line_str
                0x0000000000000000       0xa6 /gcc-arm-11.2-2022.02-x86_64-arm-none-eabi/bin/../lib/gcc/arm-none-eabi/11.2.1/../../../../arm-none-eabi/lib/thumb/v7e-m+fp/hard/crt0.o
 .debug_info    0x0000000000000000       0x24 /gcc-arm-11.2-2022.02-x86_64-arm-none-eabi/bin/../lib/gcc/arm-none-eabi/11.2.1/../../../../arm-none-eabi/lib/thumb/v7e-m+fp/hard/crt0.o
 .debug_abbrev  0x0000000000000000       0x14 /gcc-arm-11.2-2022.02-x86_64-arm-none-eabi/bin/../lib/gcc/arm-none-eabi/11.2.1/../../../../arm-none-eabi/lib/thumb/v7e-m+fp/hard/crt0.o
 .debug_aranges
                0x0000000000000000       0x20 /gcc-arm-11.2-2022.02-x86_64-arm-none-eabi/bin/../lib/gcc/arm-none-eabi/11.2.1/../../../../arm-none-eabi/lib/thumb/v7e-m+fp/hard/crt0.o
 .debug_str     0x0000000000000000       0x9c /gcc-arm-11.2-2022.02-x86_64-arm-none-eabi/bin/../lib/gcc/arm-none-eabi/11.2.1/../../../../arm-none-eabi/lib/thumb/v7e-m+fp/hard/crt0.o
 .ARM.attributes
                0x0000000000000000       0x1c /gcc-arm-11.2-2022.02-x86_64-arm-none-eabi/bin/../lib/gcc/arm-none-eabi/11.2.1/../../../../arm-none-eabi/lib/thumb/v7e-m+fp/hard/crt0.o
 .group         0x0000000000000000        0xc build/obj/minimal.o
 .group         0x0000000000000000        0xc build/obj/minimal.o
 .group         0x0000000000000000        0xc build/obj/minimal.o
 .group         0x0000000000000000        0xc build/obj/minimal.o
 .group         0x0000000000000000        0xc build/obj/minimal.o
 .group         0x0000000000000000        0xc build/obj/minimal.o
 .group         0x0000000000000000        0xc build/obj/minimal.o
 .group         0x0000000000000000        0xc build/obj/minimal.o
 .group         0x0000000000000000        0xc build/obj/minimal.o
 .group         0x0000000000000000        0xc build/obj/minimal.o
 .group         0x0000000000000000        0xc build/obj/minimal.o
 .group         0x0000000000000000        0xc build/obj/minimal.o
 .group         0x0000000000000000        0xc build/obj/minimal.o
 .group         0x0000000000000000        0xc build/obj/minimal.o
 .text          0x0000000000000000        0x0 build/obj/minimal.o
 .data          0x0000000000000000        0x0 build/obj/minimal.o
 .bss           0x0000000000000000        0x0 build/obj/minimal.o
 .text          0x0000000000000000       0x14 build/obj/stm32f446xx_startup.o
 .data          0x0000000000000000        0x0 build/obj/stm32f446xx_startup.o
 .bss           0x0000000000000000        0x0 build/obj/stm32f446xx_startup.o
 .group         0x0000000000000000        0xc build/obj/syscall.o
 .group         0x0000000000000000        0xc build/obj/syscall.o
 .group         0x0000000000000000        0xc build/obj/syscall.o
 .group         0x0000000000000000        0xc build/obj/syscall.o
 .group         0x0000000000000000        0xc build/obj/syscall.o
 .group         0x0000000000000000        0xc build/obj/syscall.o
 .group         0x0000000000000000        0xc build/obj/syscall.o
 .group         0x0000000000000000        0xc build/obj/syscall.o
 .group         0x0000000000000000        0xc build/obj/syscall.o
 .group         0x0000000000000000        0xc build/obj/syscall.o
 .group         0x0000000000000000        0xc build/obj/syscall.o
 .group         0x0000000000000000        0xc build/obj/syscall.o
 .group         0x0000000000000000        0xc build/obj/syscall.o
 .group         0x0000000000000000        0xc build/obj/syscall.o
 .group         0x0000000000000000        0xc build/obj/syscall.o
 .group         0x0000000000000000        0xc build/obj/syscall.o
 .group         0x0000000000000000        0xc build/obj/syscall.o
 .group         0x0000000000000000        0xc build/obj/syscall.o
 .group         0x0000000000000000        0xc build/obj/syscall.o
 .group         0x0000000000000000        0xc build/obj/syscall.o
 .group         0x0000000000000000        0xc build/obj/syscall.o
 .group         0x0000000000000000        0xc build/obj/syscall.o
 .group         0x0000000000000000        0xc build/obj/syscall.o
 .group         0x0000000000000000        0xc build/obj/syscall.o
 .group         0x0000000000000000        0xc build/obj/syscall.o
 .group         0x0000000000000000        0xc build/obj/syscall.o
 .group         0x0000000000000000        0xc build/obj/syscall.o
 .group         0x0000000000000000        0xc build/obj/syscall.o
 .group         0x0000000000000000        0xc build/obj/syscall.o
 .group         0x0000000000000000        0xc build/obj/syscall.o
 .group         0x0000000000000000        0xc build/obj/syscall.o
 .group         0x0000000000000000        0xc build/obj/syscall.o
 .group         0x0000000000000000        0xc build/obj/syscall.o
 .group         0x0000000000000000        0xc build/obj/syscall.o
 .group         0x0000000000000000        0xc build/obj/syscall.o
 .group         0x0000000000000000        0xc build/obj/syscall.o
 .group         0x0000000000000000        0xc build/obj/syscall.o
 .group         0x0000000000000000        0xc build/obj/syscall.o
 .group         0x0000000000000000        0xc build/obj/syscall.o
 .group         0x0000000000000000        0xc build/obj/syscall.o
 .group         0x0000000000000000        0xc build/obj/syscall.o
 .group         0x0000000000000000        0xc build/obj/syscall.o
 .group         0x0000000000000000        0xc build/obj/syscall.o
 .group         0x0000000000000000        0xc build/obj/syscall.o
 .group         0x0000000000000000        0xc build/obj/syscall.o
 .text          0x0000000000000000        0x0 build/obj/syscall.o
 .data          0x0000000000000000        0x0 build/obj/syscall.o
 .bss           0x0000000000000000        0x0 build/obj/syscall.o
 .bss.__env     0x0000000000000000        0x4 build/obj/syscall.o
 .data.environ  0x0000000000000000        0x4 build/obj/syscall.o
 .text.initialise_monitor_handles
                0x0000000000000000        0xe build/obj/syscall.o
 .text._getpid  0x0000000000000000       0x10 build/obj/syscall.o
 .text._kill    0x0000000000000000       0x20 build/obj/syscall.o
 .text._exit    0x0000000000000000       0x14 build/obj/syscall.o
 .text._read    0x0000000000000000       0x3a build/obj/syscall.o
 .text._write   0x0000000000000000       0x38 build/obj/syscall.o
 .text._close   0x0000000000000000       0x18 build/obj/syscall.o
 .text._fstat   0x0000000000000000       0x20 build/obj/syscall.o
 .text._isatty  0x0000000000000000       0x16 build/obj/syscall.o
 .text._lseek   0x0000000000000000       0x1a build/obj/syscall.o
 .text._open    0x0000000000000000       0x1c build/obj/syscall.o
 .text._wait    0x0000000000000000       0x1e build/obj/syscall.o
 .text._unlink  0x0000000000000000       0x1e build/obj/syscall.o
 .text._times   0x0000000000000000       0x18 build/obj/syscall.o
 .text._stat    0x0000000000000000       0x20 build/obj/syscall.o
 .text._link    0x0000000000000000       0x20 build/obj/syscall.o
 .text._fork    0x0000000000000000       0x16 build/obj/syscall.o
 .text._execve  0x0000000000000000       0x22 build/obj/syscall.o
 .debug_info    0x0000000000000000      0x6a3 build/obj/syscall.o
 .debug_abbrev  0x0000000000000000      0x1b6 build/obj/syscall.o
 .debug_aranges
                0x0000000000000000       0xa8 build/obj/syscall.o
 .debug_rnglists
                0x0000000000000000       0x79 build/obj/syscall.o
 .debug_macro   0x0000000000000000      0x23d build/obj/syscall.o
 .debug_macro   0x0000000000000000      0xaae build/obj/syscall.o
 .debug_macro   0x0000000000000000       0x22 build/obj/syscall.o
 .debug_macro   0x0000000000000000       0x58 build/obj/syscall.o
 .debug_macro   0x0000000000000000       0x1e build/obj/syscall.o
 .debug_macro   0x0000000000000000       0x94 build/obj/syscall.o
 .debug_macro   0x0000000000000000       0x35 build/obj/syscall.o
 .debug_macro   0x0000000000000000       0x34 build/obj/syscall.o
 .debug_macro   0x0000000000000000       0x57 build/obj/syscall.o
 .debug_macro   0x0000000000000000      0x174 build/obj/syscall.o
 .debug_macro   0x0000000000000000      0x341 build/obj/syscall.o
 .debug_macro   0x0000000000000000       0x16 build/obj/syscall.o
 .debug_macro   0x0000000000000000       0x43 build/obj/syscall.o
 .debug_macro   0x0000000000000000       0x34 build/obj/syscall.o
 .debug_macro   0x0000000000000000       0x10 build/obj/syscall.o
 .debug_macro   0x0000000000000000       0x52 build/obj/syscall.o
 .debug_macro   0x0000000000000000      0x182 build/obj/syscall.o
 .debug_macro   0x0000000000000000       0x10 build/obj/syscall.o
 .debug_macro   0x0000000000000000       0x35 build/obj/syscall.o
 .debug_macro   0x0000000000000000       0x10 build/obj/syscall.o
 .debug_macro   0x0000000000000000       0x10 build/obj/syscall.o
 .debug_macro   0x0000000000000000       0x10 build/obj/syscall.o
 .debug_macro   0x0000000000000000       0x6a build/obj/syscall.o
 .debug_macro   0x0000000000000000       0x1c build/obj/syscall.o
 .debug_macro   0x0000000000000000       0x52 build/obj/syscall.o
 .debug_macro   0x0000000000000000       0x22 build/obj/syscall.o
 .debug_macro   0x0000000000000000       0x10 build/obj/syscall.o
 .debug_macro   0x0000000000000000       0x52 build/obj/syscall.o
 .debug_macro   0x0000000000000000       0xd5 build/obj/syscall.o
 .debug_macro   0x0000000000000000       0x1c build/obj/syscall.o
 .debug_macro   0x0000000000000000       0x3d build/obj/syscall.o
 .debug_macro   0x0000000000000000       0x35 build/obj/syscall.o
 .debug_macro   0x0000000000000000      0x12c build/obj/syscall.o
 .debug_macro   0x0000000000000000       0x16 build/obj/syscall.o
 .debug_macro   0x0000000000000000       0x16 build/obj/syscall.o
 .debug_macro   0x0000000000000000       0x29 build/obj/syscall.o
 .debug_macro   0x0000000000000000       0x10 build/obj/syscall.o
 .debug_macro   0x0000000000000000      0x241 build/obj/syscall.o
 .debug_macro   0x0000000000000000       0x1c build/obj/syscall.o
 .debug_macro   0x0000000000000000       0x10 build/obj/syscall.o
 .debug_macro   0x0000000000000000       0x10 build/obj/syscall.o
 .debug_macro   0x0000000000000000       0x16 build/obj/syscall.o
 .debug_macro   0x0000000000000000      0x16f build/obj/syscall.o
 .debug_macro   0x0000000000000000      0x189 build/obj/syscall.o
 .debug_macro   0x0000000000000000       0x16 build/obj/syscall.o
 .debug_macro   0x0000000000000000       0xce build/obj/syscall.o
 .debug_line    0x0000000000000000      0x57b build/obj/syscall.o
 .debug_str     0x0000000000000000     0x8487 build/obj/syscall.o
 .comment       0x0000000000000000       0x58 build/obj/syscall.o
 .debug_frame   0x0000000000000000      0x2ac build/obj/syscall.o
 .ARM.attributes
                0x0000000000000000       0x34 build/obj/syscall.o
 .group         0x0000000000000000        0xc build/obj/sysmem.o
 .group         0x0000000000000000        0xc build/obj/sysmem.o
 .group         0x0000000000000000        0xc build/obj/sysmem.o
 .group         0x0000000000000000        0xc build/obj/sysmem.o
 .group         0x0000000000000000        0xc build/obj/sysmem.o
 .group         0x0000000000000000        0xc build/obj/sysmem.o
 .group         0x0000000000000000        0xc build/obj/sysmem.o
 .group         0x0000000000000000        0xc build/obj/sysmem.o
 .group         0x0000000000000000        0xc build/obj/sysmem.o
 .group         0x0000000000000000        0xc build/obj/sysmem.o
 .group         0x0000000000000000        0xc build/obj/sysmem.o
 .group         0x0000000000000000        0xc build/obj/sysmem.o
 .group         0x0000000000000000        0xc build/obj/sysmem.o
 .group         0x0000000000000000        0xc build/obj/sysmem.o
 .group         0x0000000000000000        0xc build/obj/sysmem.o
 .group         0x0000000000000000        0xc build/obj/sysmem.o
 .group         0x0000000000000000        0xc build/obj/sysmem.o
 .group         0x0000000000000000        0xc build/obj/sysmem.o
 .group         0x0000000000000000        0xc build/obj/sysmem.o
 .group         0x0000000000000000        0xc build/obj/sysmem.o
 .text          0x0000000000000000        0x0 build/obj/sysmem.o
 .data          0x0000000000000000        0x0 build/obj/sysmem.o
 .bss           0x0000000000000000        0x0 build/obj/sysmem.o
 .bss.__sbrk_heap_end
                0x0000000000000000        0x4 build/obj/sysmem.o
 .text._sbrk    0x0000000000000000       0x6c build/obj/sysmem.o
 .debug_info    0x0000000000000000      0x168 build/obj/sysmem.o
 .debug_abbrev  0x0000000000000000       0xbc build/obj/sysmem.o
 .debug_aranges
                0x0000000000000000       0x20 build/obj/sysmem.o
 .debug_rnglists
                0x0000000000000000       0x13 build/obj/sysmem.o
 .debug_macro   0x0000000000000000       0xec build/obj/sysmem.o
 .debug_macro   0x0000000000000000      0xaae build/obj/sysmem.o
 .debug_macro   0x0000000000000000       0x10 build/obj/sysmem.o
 .debug_macro   0x0000000000000000       0x22 build/obj/sysmem.o
 .debug_macro   0x0000000000000000       0x58 build/obj/sysmem.o
 .debug_macro   0x0000000000000000       0x1e build/obj/sysmem.o
 .debug_macro   0x0000000000000000       0x94 build/obj/sysmem.o
 .debug_macro   0x0000000000000000       0x35 build/obj/sysmem.o
 .debug_macro   0x0000000000000000       0x34 build/obj/sysmem.o
 .debug_macro   0x0000000000000000      0x174 build/obj/sysmem.o
 .debug_macro   0x0000000000000000       0x16 build/obj/sysmem.o
 .debug_macro   0x0000000000000000       0x43 build/obj/sysmem.o
 .debug_macro   0x0000000000000000       0x57 build/obj/sysmem.o
 .debug_macro   0x0000000000000000       0x34 build/obj/sysmem.o
 .debug_macro   0x0000000000000000       0x10 build/obj/sysmem.o
 .debug_macro   0x0000000000000000       0x52 build/obj/sysmem.o
 .debug_macro   0x0000000000000000      0x182 build/obj/sysmem.o
 .debug_macro   0x0000000000000000      0x23b build/obj/sysmem.o
 .debug_macro   0x0000000000000000      0x103 build/obj/sysmem.o
 .debug_macro   0x0000000000000000       0x6a build/obj/sysmem.o
 .debug_macro   0x0000000000000000      0x1df build/obj/sysmem.o
 .debug_line    0x0000000000000000      0x272 build/obj/sysmem.o
 .debug_str     0x0000000000000000     0x571f build/obj/sysmem.o
 .comment       0x0000000000000000       0x58 build/obj/sysmem.o
 .debug_frame   0x0000000000000000       0x34 build/obj/sysmem.o
 .ARM.attributes
                0x0000000000000000       0x34 build/obj/sysmem.o
 .text          0x0000000000000000        0x0 /gcc-arm-11.2-2022.02-x86_64-arm-none-eabi/bin/../lib/gcc/arm-none-eabi/11.2.1/../../../../arm-none-eabi/lib/thumb/v7e-m+fp/hard/libc_nano.a(lib_a-errno.o)
 .data          0x0000000000000000        0x0 /gcc-arm-11.2-2022.02-x86_64-arm-none-eabi/bin/../lib/gcc/arm-none-eabi/11.2.1/../../../../arm-none-eabi/lib/thumb/v7e-m+fp/hard/libc_nano.a(lib_a-errno.o)
 .bss           0x0000000000000000        0x0 /gcc-arm-11.2-2022.02-x86_64-arm-none-eabi/bin/../lib/gcc/arm-none-eabi/11.2.1/../../../../arm-none-eabi/lib/thumb/v7e-m+fp/hard/libc_nano.a(lib_a-errno.o)
 .text.__errno  0x0000000000000000        0xc /gcc-arm-11.2-2022.02-x86_64-arm-none-eabi/bin/../lib/gcc/arm-none-eabi/11.2.1/../../../../arm-none-eabi/lib/thumb/v7e-m+fp/hard/libc_nano.a(lib_a-errno.o)
 .debug_info    0x0000000000000000      0x751 /gcc-arm-11.2-2022.02-x86_64-arm-none-eabi/bin/../lib/gcc/arm-none-eabi/11.2.1/../../../../arm-none-eabi/lib/thumb/v7e-m+fp/hard/libc_nano.a(lib_a-errno.o)
 .debug_abbrev  0x0000000000000000      0x15e /gcc-arm-11.2-2022.02-x86_64-arm-none-eabi/bin/../lib/gcc/arm-none-eabi/11.2.1/../../../../arm-none-eabi/lib/thumb/v7e-m+fp/hard/libc_nano.a(lib_a-errno.o)
 .debug_aranges
                0x0000000000000000       0x20 /gcc-arm-11.2-2022.02-x86_64-arm-none-eabi/bin/../lib/gcc/arm-none-eabi/11.2.1/../../../../arm-none-eabi/lib/thumb/v7e-m+fp/hard/libc_nano.a(lib_a-errno.o)
 .debug_rnglists
                0x0000000000000000       0x13 /gcc-arm-11.2-2022.02-x86_64-arm-none-eabi/bin/../lib/gcc/arm-none-eabi/11.2.1/../../../../arm-none-eabi/lib/thumb/v7e-m+fp/hard/libc_nano.a(lib_a-errno.o)
 .debug_line    0x0000000000000000      0x176 /gcc-arm-11.2-2022.02-x86_64-arm-none-eabi/bin/../lib/gcc/arm-none-eabi/11.2.1/../../../../arm-none-eabi/lib/thumb/v7e-m+fp/hard/libc_nano.a(lib_a-errno.o)
 .debug_str     0x0000000000000000      0x56c /gcc-arm-11.2-2022.02-x86_64-arm-none-eabi/bin/../lib/gcc/arm-none-eabi/11.2.1/../../../../arm-none-eabi/lib/thumb/v7e-m+fp/hard/libc_nano.a(lib_a-errno.o)
 .comment       0x0000000000000000       0x58 /gcc-arm-11.2-2022.02-x86_64-arm-none-eabi/bin/../lib/gcc/arm-none-eabi/11.2.1/../../../../arm-none-eabi/lib/thumb/v7e-m+fp/hard/libc_nano.a(lib_a-errno.o)
 .debug_frame   0x0000000000000000       0x20 /gcc-arm-11.2-2022.02-x86_64-arm-none-eabi/bin/../lib/gcc/arm-none-eabi/11.2.1/../../../../arm-none-eabi/lib/thumb/v7e-m+fp/hard/libc_nano.a(lib_a-errno.o)
 .ARM.attributes
                0x0000000000000000       0x34 /gcc-arm-11.2-2022.02-x86_64-arm-none-eabi/bin/../lib/gcc/arm-none-eabi/11.2.1/../../../../arm-none-eabi/lib/thumb/v7e-m+fp/hard/libc_nano.a(lib_a-errno.o)
 .text          0x0000000000000000        0x0 /gcc-arm-11.2-2022.02-x86_64-arm-none-eabi/bin/../lib/gcc/arm-none-eabi/11.2.1/../../../../arm-none-eabi/lib/thumb/v7e-m+fp/hard/libc_nano.a(lib_a-exit.o)
 .data          0x0000000000000000        0x0 /gcc-arm-11.2-2022.02-x86_64-arm-none-eabi/bin/../lib/gcc/arm-none-eabi/11.2.1/../../../../arm-none-eabi/lib/thumb/v7e-m+fp/hard/libc_nano.a(lib_a-exit.o)
 .bss           0x0000000000000000        0x0 /gcc-arm-11.2-2022.02-x86_64-arm-none-eabi/bin/../lib/gcc/arm-none-eabi/11.2.1/../../../../arm-none-eabi/lib/thumb/v7e-m+fp/hard/libc_nano.a(lib_a-exit.o)
 .text.exit     0x0000000000000000       0x28 /gcc-arm-11.2-2022.02-x86_64-arm-none-eabi/bin/../lib/gcc/arm-none-eabi/11.2.1/../../../../arm-none-eabi/lib/thumb/v7e-m+fp/hard/libc_nano.a(lib_a-exit.o)
 .debug_info    0x0000000000000000      0x7cb /gcc-arm-11.2-2022.02-x86_64-arm-none-eabi/bin/../lib/gcc/arm-none-eabi/11.2.1/../../../../arm-none-eabi/lib/thumb/v7e-m+fp/hard/libc_nano.a(lib_a-exit.o)
 .debug_abbrev  0x0000000000000000      0x1d2 /gcc-arm-11.2-2022.02-x86_64-arm-none-eabi/bin/../lib/gcc/arm-none-eabi/11.2.1/../../../../arm-none-eabi/lib/thumb/v7e-m+fp/hard/libc_nano.a(lib_a-exit.o)
 .debug_loclists
                0x0000000000000000       0x20 /gcc-arm-11.2-2022.02-x86_64-arm-none-eabi/bin/../lib/gcc/arm-none-eabi/11.2.1/../../../../arm-none-eabi/lib/thumb/v7e-m+fp/hard/libc_nano.a(lib_a-exit.o)
 .debug_aranges
                0x0000000000000000       0x20 /gcc-arm-11.2-2022.02-x86_64-arm-none-eabi/bin/../lib/gcc/arm-none-eabi/11.2.1/../../../../arm-none-eabi/lib/thumb/v7e-m+fp/hard/libc_nano.a(lib_a-exit.o)
 .debug_rnglists
                0x0000000000000000       0x13 /gcc-arm-11.2-2022.02-x86_64-arm-none-eabi/bin/../lib/gcc/arm-none-eabi/11.2.1/../../../../arm-none-eabi/lib/thumb/v7e-m+fp/hard/libc_nano.a(lib_a-exit.o)
 .debug_line    0x0000000000000000      0x1fa /gcc-arm-11.2-2022.02-x86_64-arm-none-eabi/bin/../lib/gcc/arm-none-eabi/11.2.1/../../../../arm-none-eabi/lib/thumb/v7e-m+fp/hard/libc_nano.a(lib_a-exit.o)
 .debug_str     0x0000000000000000      0x58d /gcc-arm-11.2-2022.02-x86_64-arm-none-eabi/bin/../lib/gcc/arm-none-eabi/11.2.1/../../../../arm-none-eabi/lib/thumb/v7e-m+fp/hard/libc_nano.a(lib_a-exit.o)
 .comment       0x0000000000000000       0x58 /gcc-arm-11.2-2022.02-x86_64-arm-none-eabi/bin/../lib/gcc/arm-none-eabi/11.2.1/../../../../arm-none-eabi/lib/thumb/v7e-m+fp/hard/libc_nano.a(lib_a-exit.o)
 .debug_frame   0x0000000000000000       0x28 /gcc-arm-11.2-2022.02-x86_64-arm-none-eabi/bin/../lib/gcc/arm-none-eabi/11.2.1/../../../../arm-none-eabi/lib/thumb/v7e-m+fp/hard/libc_nano.a(lib_a-exit.o)
 .ARM.attributes
                0x0000000000000000       0x34 /gcc-arm-11.2-2022.02-x86_64-arm-none-eabi/bin/../lib/gcc/arm-none-eabi/11.2.1/../../../../arm-none-eabi/lib/thumb/v7e-m+fp/hard/libc_nano.a(lib_a-exit.o)
 .text          0x0000000000000000        0x0 /gcc-arm-11.2-2022.02-x86_64-arm-none-eabi/bin/../lib/gcc/arm-none-eabi/11.2.1/../../../../arm-none-eabi/lib/thumb/v7e-m+fp/hard/libc_nano.a(lib_a-impure.o)
 .data          0x0000000000000000        0x0 /gcc-arm-11.2-2022.02-x86_64-arm-none-eabi/bin/../lib/gcc/arm-none-eabi/11.2.1/../../../../arm-none-eabi/lib/thumb/v7e-m+fp/hard/libc_nano.a(lib_a-impure.o)
 .bss           0x0000000000000000        0x0 /gcc-arm-11.2-2022.02-x86_64-arm-none-eabi/bin/../lib/gcc/arm-none-eabi/11.2.1/../../../../arm-none-eabi/lib/thumb/v7e-m+fp/hard/libc_nano.a(lib_a-impure.o)
 .data._impure_ptr
                0x0000000000000000        0x4 /gcc-arm-11.2-2022.02-x86_64-arm-none-eabi/bin/../lib/gcc/arm-none-eabi/11.2.1/../../../../arm-none-eabi/lib/thumb/v7e-m+fp/hard/libc_nano.a(lib_a-impure.o)
 .data.impure_data
                0x0000000000000000       0x60 /gcc-arm-11.2-2022.02-x86_64-arm-none-eabi/bin/../lib/gcc/arm-none-eabi/11.2.1/../../../../arm-none-eabi/lib/thumb/v7e-m+fp/hard/libc_nano.a(lib_a-impure.o)
 .rodata._global_impure_ptr
                0x0000000000000000        0x4 /gcc-arm-11.2-2022.02-x86_64-arm-none-eabi/bin/../lib/gcc/arm-none-eabi/11.2.1/../../../../arm-none-eabi/lib/thumb/v7e-m+fp/hard/libc_nano.a(lib_a-impure.o)
 .debug_info    0x0000000000000000      0x7fc /gcc-arm-11.2-2022.02-x86_64-arm-none-eabi/bin/../lib/gcc/arm-none-eabi/11.2.1/../../../../arm-none-eabi/lib/thumb/v7e-m+fp/hard/libc_nano.a(lib_a-impure.o)
 .debug_abbrev  0x0000000000000000      0x15a /gcc-arm-11.2-2022.02-x86_64-arm-none-eabi/bin/../lib/gcc/arm-none-eabi/11.2.1/../../../../arm-none-eabi/lib/thumb/v7e-m+fp/hard/libc_nano.a(lib_a-impure.o)
 .debug_aranges
                0x0000000000000000       0x18 /gcc-arm-11.2-2022.02-x86_64-arm-none-eabi/bin/../lib/gcc/arm-none-eabi/11.2.1/../../../../arm-none-eabi/lib/thumb/v7e-m+fp/hard/libc_nano.a(lib_a-impure.o)
 .debug_line    0x0000000000000000      0x154 /gcc-arm-11.2-2022.02-x86_64-arm-none-eabi/bin/../lib/gcc/arm-none-eabi/11.2.1/../../../../arm-none-eabi/lib/thumb/v7e-m+fp/hard/libc_nano.a(lib_a-impure.o)
 .debug_str     0x0000000000000000      0x5c3 /gcc-arm-11.2-2022.02-x86_64-arm-none-eabi/bin/../lib/gcc/arm-none-eabi/11.2.1/../../../../arm-none-eabi/lib/thumb/v7e-m+fp/hard/libc_nano.a(lib_a-impure.o)
 .comment       0x0000000000000000       0x58 /gcc-arm-11.2-2022.02-x86_64-arm-none-eabi/bin/../lib/gcc/arm-none-eabi/11.2.1/../../../../arm-none-eabi/lib/thumb/v7e-m+fp/hard/libc_nano.a(lib_a-impure.o)
 .ARM.attributes
                0x0000000000000000       0x34 /gcc-arm-11.2-2022.02-x86_64-arm-none-eabi/bin/../lib/gcc/arm-none-eabi/11.2.1/../../../../arm-none-eabi/lib/thumb/v7e-m+fp/hard/libc_nano.a(lib_a-impure.o)
 .text          0x0000000000000000        0x0 /gcc-arm-11.2-2022.02-x86_64-arm-none-eabi/bin/../lib/gcc/arm-none-eabi/11.2.1/../../../../arm-none-eabi/lib/thumb/v7e-m+fp/hard/libc_nano.a(lib_a-init.o)
 .data          0x0000000000000000        0x0 /gcc-arm-11.2-2022.02-x86_64-arm-none-eabi/bin/../lib/gcc/arm-none-eabi/11.2.1/../../../../arm-none-eabi/lib/thumb/v7e-m+fp/hard/libc_nano.a(lib_a-init.o)
 .bss           0x0000000000000000        0x0 /gcc-arm-11.2-2022.02-x86_64-arm-none-eabi/bin/../lib/gcc/arm-none-eabi/11.2.1/../../../../arm-none-eabi/lib/thumb/v7e-m+fp/hard/libc_nano.a(lib_a-init.o)
 .text          0x0000000000000000        0x0 /gcc-arm-11.2-2022.02-x86_64-arm-none-eabi/bin/../lib/gcc/arm-none-eabi/11.2.1/../../../../arm-none-eabi/lib/thumb/v7e-m+fp/hard/libc_nano.a(lib_a-memset.o)
 .data          0x0000000000000000        0x0 /gcc-arm-11.2-2022.02-x86_64-arm-none-eabi/bin/../lib/gcc/arm-none-eabi/11.2.1/../../../../arm-none-eabi/lib/thumb/v7e-m+fp/hard/libc_nano.a(lib_a-memset.o)
 .bss           0x0000000000000000        0x0 /gcc-arm-11.2-2022.02-x86_64-arm-none-eabi/bin/../lib/gcc/arm-none-eabi/11.2.1/../../../../arm-none-eabi/lib/thumb/v7e-m+fp/hard/libc_nano.a(lib_a-memset.o)
 .text.memset   0x0000000000000000       0x10 /gcc-arm-11.2-2022.02-x86_64-arm-none-eabi/bin/../lib/gcc/arm-none-eabi/11.2.1/../../../../arm-none-eabi/lib/thumb/v7e-m+fp/hard/libc_nano.a(lib_a-memset.o)
 .debug_info    0x0000000000000000       0xe0 /gcc-arm-11.2-2022.02-x86_64-arm-none-eabi/bin/../lib/gcc/arm-none-eabi/11.2.1/../../../../arm-none-eabi/lib/thumb/v7e-m+fp/hard/libc_nano.a(lib_a-memset.o)
 .debug_abbrev  0x0000000000000000       0x9e /gcc-arm-11.2-2022.02-x86_64-arm-none-eabi/bin/../lib/gcc/arm-none-eabi/11.2.1/../../../../arm-none-eabi/lib/thumb/v7e-m+fp/hard/libc_nano.a(lib_a-memset.o)
 .debug_loclists
                0x0000000000000000       0x47 /gcc-arm-11.2-2022.02-x86_64-arm-none-eabi/bin/../lib/gcc/arm-none-eabi/11.2.1/../../../../arm-none-eabi/lib/thumb/v7e-m+fp/hard/libc_nano.a(lib_a-memset.o)
 .debug_aranges
                0x0000000000000000       0x20 /gcc-arm-11.2-2022.02-x86_64-arm-none-eabi/bin/../lib/gcc/arm-none-eabi/11.2.1/../../../../arm-none-eabi/lib/thumb/v7e-m+fp/hard/libc_nano.a(lib_a-memset.o)
 .debug_rnglists
                0x0000000000000000       0x13 /gcc-arm-11.2-2022.02-x86_64-arm-none-eabi/bin/../lib/gcc/arm-none-eabi/11.2.1/../../../../arm-none-eabi/lib/thumb/v7e-m+fp/hard/libc_nano.a(lib_a-memset.o)
 .debug_line    0x0000000000000000      0x16f /gcc-arm-11.2-2022.02-x86_64-arm-none-eabi/bin/../lib/gcc/arm-none-eabi/11.2.1/../../../../arm-none-eabi/lib/thumb/v7e-m+fp/hard/libc_nano.a(lib_a-memset.o)
 .debug_str     0x0000000000000000      0x211 /gcc-arm-11.2-2022.02-x86_64-arm-none-eabi/bin/../lib/gcc/arm-none-eabi/11.2.1/../../../../arm-none-eabi/lib/thumb/v7e-m+fp/hard/libc_nano.a(lib_a-memset.o)
 .comment       0x0000000000000000       0x58 /gcc-arm-11.2-2022.02-x86_64-arm-none-eabi/bin/../lib/gcc/arm-none-eabi/11.2.1/../../../../arm-none-eabi/lib/thumb/v7e-m+fp/hard/libc_nano.a(lib_a-memset.o)
 .debug_frame   0x0000000000000000       0x20 /gcc-arm-11.2-2022.02-x86_64-arm-none-eabi/bin/../lib/gcc/arm-none-eabi/11.2.1/../../../../arm-none-eabi/lib/thumb/v7e-m+fp/hard/libc_nano.a(lib_a-memset.o)
 .ARM.attributes
                0x0000000000000000       0x34 /gcc-arm-11.2-2022.02-x86_64-arm-none-eabi/bin/../lib/gcc/arm-none-eabi/11.2.1/../../../../arm-none-eabi/lib/thumb/v7e-m+fp/hard/libc_nano.a(lib_a-memset.o)
 .text          0x0000000000000000        0x0 /gcc-arm-11.2-2022.02-x86_64-arm-none-eabi/bin/../lib/gcc/arm-none-eabi/11.2.1/thumb/v7e-m+fp/hard/crtend.o
 .data          0x0000000000000000        0x0 /gcc-arm-11.2-2022.02-x86_64-arm-none-eabi/bin/../lib/gcc/arm-none-eabi/11.2.1/thumb/v7e-m+fp/hard/crtend.o
 .bss           0x0000000000000000        0x0 /gcc-arm-11.2-2022.02-x86_64-arm-none-eabi/bin/../lib/gcc/arm-none-eabi/11.2.1/thumb/v7e-m+fp/hard/crtend.o
 .rodata.all_implied_fbits
                0x0000000000000000       0x24 /gcc-arm-11.2-2022.02-x86_64-arm-none-eabi/bin/../lib/gcc/arm-none-eabi/11.2.1/thumb/v7e-m+fp/hard/crtend.o
 .eh_frame      0x0000000000000000        0x4 /gcc-arm-11.2-2022.02-x86_64-arm-none-eabi/bin/../lib/gcc/arm-none-eabi/11.2.1/thumb/v7e-m+fp/hard/crtend.o
 .text          0x0000000000000000        0x0 /gcc-arm-11.2-2022.02-x86_64-arm-none-eabi/bin/../lib/gcc/arm-none-eabi/11.2.1/thumb/v7e-m+fp/hard/crtn.o
 .data          0x0000000000000000        0x0 /gcc-arm-11.2-2022.02-x86_64-arm-none-eabi/bin/../lib/gcc/arm-none-eabi/11.2.1/thumb/v7e-m+fp/hard/crtn.o
 .bss           0x0000000000000000        0x0 /gcc-arm-11.2-2022.02-x86_64-arm-none-eabi/bin/../lib/gcc/arm-none-eabi/11.2.1/thumb/v7e-m+fp/hard/crtn.o

Memory Configuration

Name             Origin             Length             Attributes
RAM              0x0000000020000000 0x0000000000020000 xrw
FLASH            0x0000000008000000 0x0000000000080000 xr
*default*        0x0000000000000000 0xffffffffffffffff

Linker script and memory map

LOAD /gcc-arm-11.2-2022.02-x86_64-arm-none-eabi/bin/../lib/gcc/arm-none-eabi/11.2.1/thumb/v7e-m+fp/hard/crti.o
LOAD /gcc-arm-11.2-2022.02-x86_64-arm-none-eabi/bin/../lib/gcc/arm-none-eabi/11.2.1/thumb/v7e-m+fp/hard/crtbegin.o
LOAD /gcc-arm-11.2-2022.02-x86_64-arm-none-eabi/bin/../lib/gcc/arm-none-eabi/11.2.1/../../../../arm-none-eabi/lib/thumb/v7e-m+fp/hard/crt0.o
LOAD build/obj/minimal.o
LOAD build/obj/stm32f446xx_startup.o
LOAD build/obj/syscall.o
LOAD build/obj/sysmem.o
START GROUP
LOAD /gcc-arm-11.2-2022.02-x86_64-arm-none-eabi/bin/../lib/gcc/arm-none-eabi/11.2.1/../../../../arm-none-eabi/lib/thumb/v7e-m+fp/hard/libc_nano.a
LOAD /gcc-arm-11.2-2022.02-x86_64-arm-none-eabi/bin/../lib/gcc/arm-none-eabi/11.2.1/../../../../arm-none-eabi/lib/thumb/v7e-m+fp/hard/libm.a
END GROUP
START GROUP
LOAD /gcc-arm-11.2-2022.02-x86_64-arm-none-eabi/bin/../lib/gcc/arm-none-eabi/11.2.1/thumb/v7e-m+fp/hard/libgcc.a
LOAD /gcc-arm-11.2-2022.02-x86_64-arm-none-eabi/bin/../lib/gcc/arm-none-eabi/11.2.1/../../../../arm-none-eabi/lib/thumb/v7e-m+fp/hard/libc_nano.a
END GROUP
START GROUP
LOAD /gcc-arm-11.2-2022.02-x86_64-arm-none-eabi/bin/../lib/gcc/arm-none-eabi/11.2.1/thumb/v7e-m+fp/hard/libgcc.a
LOAD /gcc-arm-11.2-2022.02-x86_64-arm-none-eabi/bin/../lib/gcc/arm-none-eabi/11.2.1/../../../../arm-none-eabi/lib/thumb/v7e-m+fp/hard/libc_nano.a
LOAD /gcc-arm-11.2-2022.02-x86_64-arm-none-eabi/bin/../lib/gcc/arm-none-eabi/11.2.1/../../../../arm-none-eabi/lib/thumb/v7e-m+fp/hard/libnosys.a
END GROUP
START GROUP
LOAD /gcc-arm-11.2-2022.02-x86_64-arm-none-eabi/bin/../lib/gcc/arm-none-eabi/11.2.1/thumb/v7e-m+fp/hard/libgcc.a
LOAD /gcc-arm-11.2-2022.02-x86_64-arm-none-eabi/bin/../lib/gcc/arm-none-eabi/11.2.1/../../../../arm-none-eabi/lib/thumb/v7e-m+fp/hard/libc_nano.a
LOAD /gcc-arm-11.2-2022.02-x86_64-arm-none-eabi/bin/../lib/gcc/arm-none-eabi/11.2.1/../../../../arm-none-eabi/lib/thumb/v7e-m+fp/hard/libnosys.a
END GROUP
LOAD /gcc-arm-11.2-2022.02-x86_64-arm-none-eabi/bin/../lib/gcc/arm-none-eabi/11.2.1/thumb/v7e-m+fp/hard/crtend.o
LOAD /gcc-arm-11.2-2022.02-x86_64-arm-none-eabi/bin/../lib/gcc/arm-none-eabi/11.2.1/thumb/v7e-m+fp/hard/crtn.o
                0x0000000020020000                _estack = (ORIGIN (RAM) + LENGTH (RAM))
                0x0000000000000200                _Min_Heap_Size = 0x200
                0x0000000000000400                _Min_Stack_Size = 0x400

.isr_vector     0x0000000008000000      0x1c4
                0x0000000008000000                . = ALIGN (0x4)
 *(.isr_vector)
 .isr_vector    0x0000000008000000      0x1c4 build/obj/stm32f446xx_startup.o
                0x0000000008000000                g_pfnVectors
                0x00000000080001c4                . = ALIGN (0x4)

.text           0x00000000080001c4      0x1fc
                0x00000000080001c4                . = ALIGN (0x4)
 *(.text)
 *(.text*)
 .text.deregister_tm_clones
                0x00000000080001c4       0x1c /gcc-arm-11.2-2022.02-x86_64-arm-none-eabi/bin/../lib/gcc/arm-none-eabi/11.2.1/thumb/v7e-m+fp/hard/crtbegin.o
 .text.register_tm_clones
                0x00000000080001e0       0x24 /gcc-arm-11.2-2022.02-x86_64-arm-none-eabi/bin/../lib/gcc/arm-none-eabi/11.2.1/thumb/v7e-m+fp/hard/crtbegin.o
 .text.__do_global_dtors_aux
                0x0000000008000204       0x28 /gcc-arm-11.2-2022.02-x86_64-arm-none-eabi/bin/../lib/gcc/arm-none-eabi/11.2.1/thumb/v7e-m+fp/hard/crtbegin.o
 .text.frame_dummy
                0x000000000800022c       0x24 /gcc-arm-11.2-2022.02-x86_64-arm-none-eabi/bin/../lib/gcc/arm-none-eabi/11.2.1/thumb/v7e-m+fp/hard/crtbegin.o
 .text.delay_ms
                0x0000000008000250       0x3a build/obj/minimal.o
                0x0000000008000250                delay_ms
 *fill*         0x000000000800028a        0x2 
 .text.setup    0x000000000800028c       0x3c build/obj/minimal.o
                0x000000000800028c                setup
 .text.loop     0x00000000080002c8       0x30 build/obj/minimal.o
                0x00000000080002c8                loop
 .text.main     0x00000000080002f8       0x12 build/obj/minimal.o
                0x00000000080002f8                main
 *fill*         0x000000000800030a        0x2 
 .text.Reset_Handler
                0x000000000800030c       0x50 build/obj/stm32f446xx_startup.o
                0x000000000800030c                Reset_Handler
 .text.Default_Handler
                0x000000000800035c        0x2 build/obj/stm32f446xx_startup.o
                0x000000000800035c                RTC_Alarm_IRQHandler
                0x000000000800035c                EXTI2_IRQHandler
                0x000000000800035c                TIM8_CC_IRQHandler
                0x000000000800035c                SPDIF_Rx_IRQHandler
                0x000000000800035c                DebugMon_Handler
                0x000000000800035c                SPI4_IRQHandler
                0x000000000800035c                TIM1_CC_IRQHandler
                0x000000000800035c                QuadSPI_IRQHandler
                0x000000000800035c                DMA2_Stream5_IRQHandler
                0x000000000800035c                HardFault_Handler
                0x000000000800035c                DMA1_Stream5_IRQHandler
                0x000000000800035c                SysTick_Handler
                0x000000000800035c                PVD_IRQHandler
                0x000000000800035c                SDIO_IRQHandler
                0x000000000800035c                TAMP_STAMP_IRQHandler
                0x000000000800035c                PendSV_Handler
                0x000000000800035c                NMI_Handler
                0x000000000800035c                CAN2_RX1_IRQHandler
                0x000000000800035c                EXTI3_IRQHandler
                0x000000000800035c                TIM8_TRG_COM_TIM14_IRQHandler
                0x000000000800035c                TIM1_UP_TIM10_IRQHandler
                0x000000000800035c                FMPI2C1_error_IRQHandler
                0x000000000800035c                TIM8_UP_TIM13_IRQHandler
                0x000000000800035c                I2C3_ER_IRQHandler
                0x000000000800035c                EXTI0_IRQHandler
                0x000000000800035c                I2C2_EV_IRQHandler
                0x000000000800035c                DMA1_Stream2_IRQHandler
                0x000000000800035c                CAN1_RX0_IRQHandler
                0x000000000800035c                FPU_IRQHandler
                0x000000000800035c                OTG_HS_WKUP_IRQHandler
                0x000000000800035c                UsageFault_Handler
                0x000000000800035c                CAN2_SCE_IRQHandler
                0x000000000800035c                DMA2_Stream2_IRQHandler
                0x000000000800035c                SPI1_IRQHandler
                0x000000000800035c                TIM6_DAC_IRQHandler
                0x000000000800035c                TIM1_BRK_TIM9_IRQHandler
                0x000000000800035c                DCMI_IRQHandler
                0x000000000800035c                CAN2_RX0_IRQHandler
                0x000000000800035c                DMA2_Stream3_IRQHandler
                0x000000000800035c                FMPI2C1_IRQHandler
                0x000000000800035c                SAI2_IRQHandler
                0x000000000800035c                USART6_IRQHandler
                0x000000000800035c                USART3_IRQHandler
                0x000000000800035c                CAN1_RX1_IRQHandler
                0x000000000800035c                UART5_IRQHandler
                0x000000000800035c                DMA2_Stream0_IRQHandler
                0x000000000800035c                TIM4_IRQHandler
                0x000000000800035c                I2C1_EV_IRQHandler
                0x000000000800035c                HDMI_CEC_IRQHandler
                0x000000000800035c                DMA1_Stream6_IRQHandler
                0x000000000800035c                DMA1_Stream1_IRQHandler
                0x000000000800035c                UART4_IRQHandler
                0x000000000800035c                TIM3_IRQHandler
                0x000000000800035c                RCC_IRQHandler
                0x000000000800035c                TIM8_BRK_TIM12_IRQHandler
                0x000000000800035c                Default_Handler
                0x000000000800035c                EXTI15_10_IRQHandler
                0x000000000800035c                ADC_IRQHandler
                0x000000000800035c                DMA1_Stream7_IRQHandler
                0x000000000800035c                TIM7_IRQHandler
                0x000000000800035c                CAN2_TX_IRQHandler
                0x000000000800035c                TIM5_IRQHandler
                0x000000000800035c                DMA2_Stream7_IRQHandler
                0x000000000800035c                I2C3_EV_IRQHandler
                0x000000000800035c                EXTI9_5_IRQHandler
                0x000000000800035c                RTC_WKUP_IRQHandler
                0x000000000800035c                SPI2_IRQHandler
                0x000000000800035c                OTG_HS_EP1_IN_IRQHandler
                0x000000000800035c                MemManage_Handler
                0x000000000800035c                DMA1_Stream0_IRQHandler
                0x000000000800035c                CAN1_TX_IRQHandler
                0x000000000800035c                SVC_Handler
                0x000000000800035c                EXTI4_IRQHandler
                0x000000000800035c                OTG_HS_EP1_OUT_IRQHandler
                0x000000000800035c                WWDG_IRQHandler
                0x000000000800035c                TIM2_IRQHandler
                0x000000000800035c                OTG_FS_WKUP_IRQHandler
                0x000000000800035c                TIM1_TRG_COM_TIM11_IRQHandler
                0x000000000800035c                OTG_HS_IRQHandler
                0x000000000800035c                EXTI1_IRQHandler
                0x000000000800035c                USART2_IRQHandler
                0x000000000800035c                I2C2_ER_IRQHandler
                0x000000000800035c                DMA2_Stream1_IRQHandler
                0x000000000800035c                CAN1_SCE_IRQHandler
                0x000000000800035c                FLASH_IRQHandler
                0x000000000800035c                DMA2_Stream4_IRQHandler
                0x000000000800035c                BusFault_Handler
                0x000000000800035c                USART1_IRQHandler
                0x000000000800035c                OTG_FS_IRQHandler
                0x000000000800035c                SPI3_IRQHandler
                0x000000000800035c                DMA1_Stream4_IRQHandler
                0x000000000800035c                I2C1_ER_IRQHandler
                0x000000000800035c                FMC_IRQHandler
                0x000000000800035c                DMA2_Stream6_IRQHandler
                0x000000000800035c                SAI1_IRQHandler
                0x000000000800035c                DMA1_Stream3_IRQHandler
 *fill*         0x000000000800035e        0x2 
 .text.__libc_init_array
                0x0000000008000360       0x48 /gcc-arm-11.2-2022.02-x86_64-arm-none-eabi/bin/../lib/gcc/arm-none-eabi/11.2.1/../../../../arm-none-eabi/lib/thumb/v7e-m+fp/hard/libc_nano.a(lib_a-init.o)
                0x0000000008000360                __libc_init_array
 *(.glue_7)
 .glue_7        0x00000000080003a8        0x0 linker stubs
 *(.glue_7t)
 .glue_7t       0x00000000080003a8        0x0 linker stubs
 *(.eh_frame)
 .eh_frame      0x00000000080003a8        0x0 /gcc-arm-11.2-2022.02-x86_64-arm-none-eabi/bin/../lib/gcc/arm-none-eabi/11.2.1/thumb/v7e-m+fp/hard/crtbegin.o
 *(.init)
 .init          0x00000000080003a8        0x4 /gcc-arm-11.2-2022.02-x86_64-arm-none-eabi/bin/../lib/gcc/arm-none-eabi/11.2.1/thumb/v7e-m+fp/hard/crti.o
                0x00000000080003a8                _init
 .init          0x00000000080003ac        0x8 /gcc-arm-11.2-2022.02-x86_64-arm-none-eabi/bin/../lib/gcc/arm-none-eabi/11.2.1/thumb/v7e-m+fp/hard/crtn.o
 *(.fini)
 .fini          0x00000000080003b4        0x4 /gcc-arm-11.2-2022.02-x86_64-arm-none-eabi/bin/../lib/gcc/arm-none-eabi/11.2.1/thumb/v7e-m+fp/hard/crti.o
                0x00000000080003b4                _fini
 .fini          0x00000000080003b8        0x8 /gcc-arm-11.2-2022.02-x86_64-arm-none-eabi/bin/../lib/gcc/arm-none-eabi/11.2.1/thumb/v7e-m+fp/hard/crtn.o
                0x00000000080003c0                . = ALIGN (0x4)
                0x00000000080003c0                _etext = .

.vfp11_veneer   0x00000000080003c0        0x0
 .vfp11_veneer  0x00000000080003c0        0x0 linker stubs

.v4_bx          0x00000000080003c0        0x0
 .v4_bx         0x00000000080003c0        0x0 linker stubs

.iplt           0x00000000080003c0        0x0
 .iplt          0x00000000080003c0        0x0 /gcc-arm-11.2-2022.02-x86_64-arm-none-eabi/bin/../lib/gcc/arm-none-eabi/11.2.1/thumb/v7e-m+fp/hard/crtbegin.o

.rel.dyn        0x00000000080003c0        0x0
 .rel.iplt      0x00000000080003c0        0x0 /gcc-arm-11.2-2022.02-x86_64-arm-none-eabi/bin/../lib/gcc/arm-none-eabi/11.2.1/thumb/v7e-m+fp/hard/crtbegin.o

.rodata         0x00000000080003c0        0x0
                0x00000000080003c0                . = ALIGN (0x4)
 *(.rodata)
 *(.rodata*)
                0x00000000080003c0                . = ALIGN (0x4)

.ARM.extab      0x00000000080003c0        0x0
                0x00000000080003c0                . = ALIGN (0x4)
 *(.ARM.extab* .gnu.linkonce.armextab.*)
                0x00000000080003c0                . = ALIGN (0x4)

.ARM            0x00000000080003c0        0x0
                0x00000000080003c0                . = ALIGN (0x4)
                0x00000000080003c0                __exidx_start = .
 *(.ARM.exidx*)
                0x00000000080003c0                __exidx_end = .
                0x00000000080003c0                . = ALIGN (0x4)

.preinit_array  0x00000000080003c0        0x0
                0x00000000080003c0                . = ALIGN (0x4)
                0x00000000080003c0                PROVIDE (__preinit_array_start = .)
 *(.preinit_array*)
                0x00000000080003c0                PROVIDE (__preinit_array_end = .)
                0x00000000080003c0                . = ALIGN (0x4)

.init_array     0x00000000080003c0        0x4
                0x00000000080003c0                . = ALIGN (0x4)
                0x00000000080003c0                PROVIDE (__init_array_start = .)
 *(SORT_BY_NAME(.init_array.*))
 *(.init_array*)
 .init_array    0x00000000080003c0        0x4 /gcc-arm-11.2-2022.02-x86_64-arm-none-eabi/bin/../lib/gcc/arm-none-eabi/11.2.1/thumb/v7e-m+fp/hard/crtbegin.o
                0x00000000080003c4                PROVIDE (__init_array_end = .)
                0x00000000080003c4                . = ALIGN (0x4)

.fini_array     0x00000000080003c4        0x4
                0x00000000080003c4                . = ALIGN (0x4)
                [!provide]                        PROVIDE (__fini_array_start = .)
 *(SORT_BY_NAME(.fini_array.*))
 *(.fini_array*)
 .fini_array    0x00000000080003c4        0x4 /gcc-arm-11.2-2022.02-x86_64-arm-none-eabi/bin/../lib/gcc/arm-none-eabi/11.2.1/thumb/v7e-m+fp/hard/crtbegin.o
                [!provide]                        PROVIDE (__fini_array_end = .)
                0x00000000080003c8                . = ALIGN (0x4)
                0x00000000080003c8                _sidata = LOADADDR (.data)

.data           0x0000000020000000        0x0 load address 0x00000000080003c8
                0x0000000020000000                . = ALIGN (0x4)
                0x0000000020000000                _sdata = .
 *(.data)
 *(.data*)
 *(.RamFunc)
 *(.RamFunc*)
                0x0000000020000000                . = ALIGN (0x4)
                0x0000000020000000                _edata = .

.tm_clone_table
                0x0000000020000000        0x0 load address 0x00000000080003c8
 .tm_clone_table
                0x0000000020000000        0x0 /gcc-arm-11.2-2022.02-x86_64-arm-none-eabi/bin/../lib/gcc/arm-none-eabi/11.2.1/thumb/v7e-m+fp/hard/crtbegin.o
 .tm_clone_table
                0x0000000020000000        0x0 /gcc-arm-11.2-2022.02-x86_64-arm-none-eabi/bin/../lib/gcc/arm-none-eabi/11.2.1/thumb/v7e-m+fp/hard/crtend.o

.igot.plt       0x0000000020000000        0x0 load address 0x00000000080003c8
 .igot.plt      0x0000000020000000        0x0 /gcc-arm-11.2-2022.02-x86_64-arm-none-eabi/bin/../lib/gcc/arm-none-eabi/11.2.1/thumb/v7e-m+fp/hard/crtbegin.o
                0x0000000020000000                . = ALIGN (0x4)

.bss            0x0000000020000000       0x1c load address 0x00000000080003c8
                0x0000000020000000                _sbss = .
                0x0000000020000000                __bss_start__ = _sbss
 *(.bss)
 *(.bss*)
 .bss.completed.1
                0x0000000020000000        0x1 /gcc-arm-11.2-2022.02-x86_64-arm-none-eabi/bin/../lib/gcc/arm-none-eabi/11.2.1/thumb/v7e-m+fp/hard/crtbegin.o
 *fill*         0x0000000020000001        0x3 
 .bss.object.0  0x0000000020000004       0x18 /gcc-arm-11.2-2022.02-x86_64-arm-none-eabi/bin/../lib/gcc/arm-none-eabi/11.2.1/thumb/v7e-m+fp/hard/crtbegin.o
 *(COMMON)
                0x000000002000001c                . = ALIGN (0x4)
                0x000000002000001c                _ebss = .
                0x000000002000001c                __bss_end__ = _ebss

._user_heap_stack
                0x000000002000001c      0x604 load address 0x00000000080003c8
                0x0000000020000020                . = ALIGN (0x8)
 *fill*         0x000000002000001c        0x4 
                [!provide]                        PROVIDE (end = .)
                0x0000000020000020                PROVIDE (_end = .)
                0x0000000020000220                . = (. + _Min_Heap_Size)
 *fill*         0x0000000020000020      0x200 
                0x0000000020000620                . = (. + _Min_Stack_Size)
 *fill*         0x0000000020000220      0x400 
                0x0000000020000620                . = ALIGN (0x8)

/DISCARD/
 libc.a(*)
 libm.a(*)
 libgcc.a(*)

.ARM.attributes
                0x0000000000000000       0x30
 *(.ARM.attributes)
 .ARM.attributes
                0x0000000000000000       0x1e /gcc-arm-11.2-2022.02-x86_64-arm-none-eabi/bin/../lib/gcc/arm-none-eabi/11.2.1/thumb/v7e-m+fp/hard/crti.o
 .ARM.attributes
                0x000000000000001e       0x34 /gcc-arm-11.2-2022.02-x86_64-arm-none-eabi/bin/../lib/gcc/arm-none-eabi/11.2.1/thumb/v7e-m+fp/hard/crtbegin.o
 .ARM.attributes
                0x0000000000000052       0x34 build/obj/minimal.o
 .ARM.attributes
                0x0000000000000086       0x21 build/obj/stm32f446xx_startup.o
 .ARM.attributes
                0x00000000000000a7       0x34 /gcc-arm-11.2-2022.02-x86_64-arm-none-eabi/bin/../lib/gcc/arm-none-eabi/11.2.1/../../../../arm-none-eabi/lib/thumb/v7e-m+fp/hard/libc_nano.a(lib_a-init.o)
 .ARM.attributes
                0x00000000000000db       0x34 /gcc-arm-11.2-2022.02-x86_64-arm-none-eabi/bin/../lib/gcc/arm-none-eabi/11.2.1/thumb/v7e-m+fp/hard/crtend.o
 .ARM.attributes
                0x000000000000010f       0x1e /gcc-arm-11.2-2022.02-x86_64-arm-none-eabi/bin/../lib/gcc/arm-none-eabi/11.2.1/thumb/v7e-m+fp/hard/crtn.o
OUTPUT(build/baremetal-stm32-blinky.elf elf32-littlearm)
LOAD linker stubs
LOAD /gcc-arm-11.2-2022.02-x86_64-arm-none-eabi/bin/../lib/gcc/arm-none-eabi/11.2.1/../../../../arm-none-eabi/lib/thumb/v7e-m+fp/hard/libc.a
LOAD /gcc-arm-11.2-2022.02-x86_64-arm-none-eabi/bin/../lib/gcc/arm-none-eabi/11.2.1/../../../../arm-none-eabi/lib/thumb/v7e-m+fp/hard/libm.a
LOAD /gcc-arm-11.2-2022.02-x86_64-arm-none-eabi/bin/../lib/gcc/arm-none-eabi/11.2.1/thumb/v7e-m+fp/hard/libgcc.a

.comment        0x0000000000000000       0x57
 .comment       0x0000000000000000       0x57 /gcc-arm-11.2-2022.02-x86_64-arm-none-eabi/bin/../lib/gcc/arm-none-eabi/11.2.1/thumb/v7e-m+fp/hard/crtbegin.o
                                         0x58 (size before relaxing)
 .comment       0x0000000000000057       0x58 build/obj/minimal.o
 .comment       0x0000000000000057       0x58 /gcc-arm-11.2-2022.02-x86_64-arm-none-eabi/bin/../lib/gcc/arm-none-eabi/11.2.1/../../../../arm-none-eabi/lib/thumb/v7e-m+fp/hard/libc_nano.a(lib_a-init.o)
 .comment       0x0000000000000057       0x58 /gcc-arm-11.2-2022.02-x86_64-arm-none-eabi/bin/../lib/gcc/arm-none-eabi/11.2.1/thumb/v7e-m+fp/hard/crtend.o

.debug_info     0x0000000000000000      0x48d
 .debug_info    0x0000000000000000      0x35f build/obj/minimal.o
 .debug_info    0x000000000000035f       0x23 build/obj/stm32f446xx_startup.o
 .debug_info    0x0000000000000382      0x10b /gcc-arm-11.2-2022.02-x86_64-arm-none-eabi/bin/../lib/gcc/arm-none-eabi/11.2.1/../../../../arm-none-eabi/lib/thumb/v7e-m+fp/hard/libc_nano.a(lib_a-init.o)

.debug_abbrev   0x0000000000000000      0x206
 .debug_abbrev  0x0000000000000000      0x12b build/obj/minimal.o
 .debug_abbrev  0x000000000000012b       0x12 build/obj/stm32f446xx_startup.o
 .debug_abbrev  0x000000000000013d       0xc9 /gcc-arm-11.2-2022.02-x86_64-arm-none-eabi/bin/../lib/gcc/arm-none-eabi/11.2.1/../../../../arm-none-eabi/lib/thumb/v7e-m+fp/hard/libc_nano.a(lib_a-init.o)

.debug_aranges  0x0000000000000000       0x80
 .debug_aranges
                0x0000000000000000       0x38 build/obj/minimal.o
 .debug_aranges
                0x0000000000000038       0x28 build/obj/stm32f446xx_startup.o
 .debug_aranges
                0x0000000000000060       0x20 /gcc-arm-11.2-2022.02-x86_64-arm-none-eabi/bin/../lib/gcc/arm-none-eabi/11.2.1/../../../../arm-none-eabi/lib/thumb/v7e-m+fp/hard/libc_nano.a(lib_a-init.o)

.debug_rnglists
                0x0000000000000000       0x51
 .debug_rnglists
                0x0000000000000000       0x25 build/obj/minimal.o
 .debug_rnglists
                0x0000000000000025       0x19 build/obj/stm32f446xx_startup.o
 .debug_rnglists
                0x000000000000003e       0x13 /gcc-arm-11.2-2022.02-x86_64-arm-none-eabi/bin/../lib/gcc/arm-none-eabi/11.2.1/../../../../arm-none-eabi/lib/thumb/v7e-m+fp/hard/libc_nano.a(lib_a-init.o)

.debug_macro    0x0000000000000000    0x1898e
 .debug_macro   0x0000000000000000       0xbf build/obj/minimal.o
 .debug_macro   0x00000000000000bf      0xaae build/obj/minimal.o
 .debug_macro   0x0000000000000b6d       0x28 build/obj/minimal.o
 .debug_macro   0x0000000000000b95       0x22 build/obj/minimal.o
 .debug_macro   0x0000000000000bb7       0x8e build/obj/minimal.o
 .debug_macro   0x0000000000000c45       0x51 build/obj/minimal.o
 .debug_macro   0x0000000000000c96      0x103 build/obj/minimal.o
 .debug_macro   0x0000000000000d99       0x6a build/obj/minimal.o
 .debug_macro   0x0000000000000e03      0x1df build/obj/minimal.o
 .debug_macro   0x0000000000000fe2       0x1c build/obj/minimal.o
 .debug_macro   0x0000000000000ffe       0x22 build/obj/minimal.o
 .debug_macro   0x0000000000001020       0xd9 build/obj/minimal.o
 .debug_macro   0x00000000000010f9     0x102d build/obj/minimal.o
 .debug_macro   0x0000000000002126      0x11f build/obj/minimal.o
 .debug_macro   0x0000000000002245    0x16749 build/obj/minimal.o

.debug_line     0x0000000000000000      0x4d0
 .debug_line    0x0000000000000000      0x2dd build/obj/minimal.o
 .debug_line    0x00000000000002dd       0x7b build/obj/stm32f446xx_startup.o
 .debug_line    0x0000000000000358      0x178 /gcc-arm-11.2-2022.02-x86_64-arm-none-eabi/bin/../lib/gcc/arm-none-eabi/11.2.1/../../../../arm-none-eabi/lib/thumb/v7e-m+fp/hard/libc_nano.a(lib_a-init.o)

.debug_str      0x0000000000000000    0x8a845
 .debug_str     0x0000000000000000    0x8a63c build/obj/minimal.o
                                      0x8a7b9 (size before relaxing)
 .debug_str     0x000000000008a63c       0x22 build/obj/stm32f446xx_startup.o
                                         0x33 (size before relaxing)
 .debug_str     0x000000000008a65e      0x1e7 /gcc-arm-11.2-2022.02-x86_64-arm-none-eabi/bin/../lib/gcc/arm-none-eabi/11.2.1/../../../../arm-none-eabi/lib/thumb/v7e-m+fp/hard/libc_nano.a(lib_a-init.o)
                                        0x270 (size before relaxing)

.debug_frame    0x0000000000000000       0xc0
 .debug_frame   0x0000000000000000       0x94 build/obj/minimal.o
 .debug_frame   0x0000000000000094       0x2c /gcc-arm-11.2-2022.02-x86_64-arm-none-eabi/bin/../lib/gcc/arm-none-eabi/11.2.1/../../../../arm-none-eabi/lib/thumb/v7e-m+fp/hard/libc_nano.a(lib_a-init.o)

.debug_line_str
                0x0000000000000000       0x1e
 .debug_line_str
                0x0000000000000000       0x1e build/obj/stm32f446xx_startup.o
                                         0x3c (size before relaxing)

.debug_loclists
                0x0000000000000000       0x44
 .debug_loclists
                0x0000000000000000       0x44 /gcc-arm-11.2-2022.02-x86_64-arm-none-eabi/bin/../lib/gcc/arm-none-eabi/11.2.1/../../../../arm-none-eabi/lib/thumb/v7e-m+fp/hard/libc_nano.a(lib_a-init.o)
